2025-12-07 23:21:18,820:WARNING:
'cuml' is a soft dependency and not included in the pycaret installation. Please run: `pip install cuml` to install.
2025-12-07 23:21:18,820:WARNING:
'cuml' is a soft dependency and not included in the pycaret installation. Please run: `pip install cuml` to install.
2025-12-07 23:21:18,820:WARNING:
'cuml' is a soft dependency and not included in the pycaret installation. Please run: `pip install cuml` to install.
2025-12-07 23:21:18,820:WARNING:
'cuml' is a soft dependency and not included in the pycaret installation. Please run: `pip install cuml` to install.
2025-12-07 23:21:21,032:INFO:PyCaret ClassificationExperiment
2025-12-07 23:21:21,033:INFO:Logging name: clf-default-name
2025-12-07 23:21:21,033:INFO:ML Usecase: MLUsecase.CLASSIFICATION
2025-12-07 23:21:21,033:INFO:version 3.3.2
2025-12-07 23:21:21,033:INFO:Initializing setup()
2025-12-07 23:21:21,033:INFO:self.USI: 80ad
2025-12-07 23:21:21,033:INFO:self._variable_keys: {'exp_name_log', 'n_jobs_param', 'fold_groups_param', '_ml_usecase', 'data', 'X_train', 'exp_id', 'X_test', 'fold_generator', 'idx', '_available_plots', 'USI', 'fix_imbalance', 'seed', 'memory', 'X', 'logging_param', 'y_train', 'pipeline', 'log_plots_param', 'is_multiclass', 'target_param', 'gpu_param', 'fold_shuffle_param', 'y', 'gpu_n_jobs_param', 'y_test', 'html_param'}
2025-12-07 23:21:21,033:INFO:Checking environment
2025-12-07 23:21:21,033:INFO:python_version: 3.10.19
2025-12-07 23:21:21,034:INFO:python_build: ('main', 'Oct 21 2025 16:41:31')
2025-12-07 23:21:21,034:INFO:machine: AMD64
2025-12-07 23:21:21,034:INFO:platform: Windows-10-10.0.26100-SP0
2025-12-07 23:21:21,034:INFO:Memory: svmem(total=16282144768, available=4201652224, percent=74.2, used=12080492544, free=4201652224)
2025-12-07 23:21:21,034:INFO:Physical Core: 6
2025-12-07 23:21:21,034:INFO:Logical Core: 12
2025-12-07 23:21:21,034:INFO:Checking libraries
2025-12-07 23:21:21,034:INFO:System:
2025-12-07 23:21:21,034:INFO:    python: 3.10.19 | packaged by Anaconda, Inc. | (main, Oct 21 2025, 16:41:31) [MSC v.1929 64 bit (AMD64)]
2025-12-07 23:21:21,034:INFO:executable: c:\Users\OMAR\miniconda3\envs\xgb_env\python.exe
2025-12-07 23:21:21,034:INFO:   machine: Windows-10-10.0.26100-SP0
2025-12-07 23:21:21,034:INFO:PyCaret required dependencies:
2025-12-07 23:21:21,036:WARNING:c:\Users\OMAR\miniconda3\envs\xgb_env\lib\site-packages\_distutils_hack\__init__.py:30: UserWarning: Setuptools is replacing distutils. Support for replacing an already imported distutils is deprecated. In the future, this condition will fail. Register concerns at https://github.com/pypa/setuptools/issues/new?template=distutils-deprecation.yml
  warnings.warn(

2025-12-07 23:21:21,747:INFO:                 pip: 25.3
2025-12-07 23:21:21,747:INFO:          setuptools: 80.9.0
2025-12-07 23:21:21,747:INFO:             pycaret: 3.3.2
2025-12-07 23:21:21,747:INFO:             IPython: 8.37.0
2025-12-07 23:21:21,747:INFO:          ipywidgets: 8.1.8
2025-12-07 23:21:21,747:INFO:                tqdm: 4.67.1
2025-12-07 23:21:21,747:INFO:               numpy: 1.26.4
2025-12-07 23:21:21,747:INFO:              pandas: 2.1.4
2025-12-07 23:21:21,747:INFO:              jinja2: 3.1.6
2025-12-07 23:21:21,747:INFO:               scipy: 1.11.4
2025-12-07 23:21:21,747:INFO:              joblib: 1.3.2
2025-12-07 23:21:21,747:INFO:             sklearn: 1.4.2
2025-12-07 23:21:21,747:INFO:                pyod: 2.0.5
2025-12-07 23:21:21,747:INFO:            imblearn: 0.14.0
2025-12-07 23:21:21,747:INFO:   category_encoders: 2.7.0
2025-12-07 23:21:21,747:INFO:            lightgbm: 4.6.0
2025-12-07 23:21:21,749:INFO:               numba: 0.62.1
2025-12-07 23:21:21,749:INFO:            requests: 2.32.5
2025-12-07 23:21:21,749:INFO:          matplotlib: 3.7.5
2025-12-07 23:21:21,749:INFO:          scikitplot: 0.3.7
2025-12-07 23:21:21,749:INFO:         yellowbrick: 1.5
2025-12-07 23:21:21,749:INFO:              plotly: 5.24.1
2025-12-07 23:21:21,749:INFO:    plotly-resampler: Not installed
2025-12-07 23:21:21,749:INFO:             kaleido: 1.2.0
2025-12-07 23:21:21,749:INFO:           schemdraw: 0.15
2025-12-07 23:21:21,749:INFO:         statsmodels: 0.14.5
2025-12-07 23:21:21,749:INFO:              sktime: 0.26.0
2025-12-07 23:21:21,749:INFO:               tbats: 1.1.3
2025-12-07 23:21:21,749:INFO:            pmdarima: 2.0.4
2025-12-07 23:21:21,749:INFO:              psutil: 7.1.3
2025-12-07 23:21:21,749:INFO:          markupsafe: 3.0.3
2025-12-07 23:21:21,749:INFO:             pickle5: Not installed
2025-12-07 23:21:21,749:INFO:         cloudpickle: 3.1.2
2025-12-07 23:21:21,749:INFO:         deprecation: 2.1.0
2025-12-07 23:21:21,749:INFO:              xxhash: 3.6.0
2025-12-07 23:21:21,749:INFO:           wurlitzer: Not installed
2025-12-07 23:21:21,749:INFO:PyCaret optional dependencies:
2025-12-07 23:21:25,047:INFO:                shap: 0.49.1
2025-12-07 23:21:25,047:INFO:           interpret: 0.7.3
2025-12-07 23:21:25,047:INFO:                umap: 0.5.7
2025-12-07 23:21:25,047:INFO:     ydata_profiling: 4.18.0
2025-12-07 23:21:25,047:INFO:  explainerdashboard: 0.5.1
2025-12-07 23:21:25,047:INFO:             autoviz: Not installed
2025-12-07 23:21:25,048:INFO:           fairlearn: 0.7.0
2025-12-07 23:21:25,048:INFO:          deepchecks: Not installed
2025-12-07 23:21:25,048:INFO:             xgboost: 2.1.3
2025-12-07 23:21:25,048:INFO:            catboost: 1.2.8
2025-12-07 23:21:25,048:INFO:              kmodes: 0.12.2
2025-12-07 23:21:25,048:INFO:             mlxtend: 0.23.4
2025-12-07 23:21:25,048:INFO:       statsforecast: 1.5.0
2025-12-07 23:21:25,048:INFO:        tune_sklearn: Not installed
2025-12-07 23:21:25,048:INFO:                 ray: Not installed
2025-12-07 23:21:25,048:INFO:            hyperopt: 0.2.7
2025-12-07 23:21:25,048:INFO:              optuna: 4.6.0
2025-12-07 23:21:25,048:INFO:               skopt: 0.10.2
2025-12-07 23:21:25,048:INFO:              mlflow: 3.6.0
2025-12-07 23:21:25,048:INFO:              gradio: 6.0.1
2025-12-07 23:21:25,048:INFO:             fastapi: 0.123.0
2025-12-07 23:21:25,048:INFO:             uvicorn: 0.38.0
2025-12-07 23:21:25,048:INFO:              m2cgen: 0.10.0
2025-12-07 23:21:25,048:INFO:           evidently: 0.4.40
2025-12-07 23:21:25,048:INFO:               fugue: 0.8.7
2025-12-07 23:21:25,048:INFO:           streamlit: 1.51.0
2025-12-07 23:21:25,048:INFO:             prophet: Not installed
2025-12-07 23:21:25,048:INFO:None
2025-12-07 23:21:25,048:INFO:Set up data.
2025-12-07 23:21:25,068:INFO:Set up folding strategy.
2025-12-07 23:21:25,068:INFO:Set up train/test split.
2025-12-07 23:21:25,091:INFO:Set up index.
2025-12-07 23:21:25,093:INFO:Assigning column types.
2025-12-07 23:21:25,115:INFO:Engine successfully changes for model 'lr' to 'sklearn'.
2025-12-07 23:21:25,140:INFO:Engine for model 'knn' has not been set explicitly, hence returning None.
2025-12-07 23:21:25,143:INFO:Engine for model 'rbfsvm' has not been set explicitly, hence returning None.
2025-12-07 23:21:25,168:INFO:Soft dependency imported: xgboost: 2.1.3
2025-12-07 23:21:25,169:INFO:Soft dependency imported: catboost: 1.2.8
2025-12-07 23:21:25,228:INFO:Engine for model 'knn' has not been set explicitly, hence returning None.
2025-12-07 23:21:25,229:INFO:Engine for model 'rbfsvm' has not been set explicitly, hence returning None.
2025-12-07 23:21:25,245:INFO:Soft dependency imported: xgboost: 2.1.3
2025-12-07 23:21:25,246:INFO:Soft dependency imported: catboost: 1.2.8
2025-12-07 23:21:25,246:INFO:Engine successfully changes for model 'knn' to 'sklearn'.
2025-12-07 23:21:25,272:INFO:Engine for model 'rbfsvm' has not been set explicitly, hence returning None.
2025-12-07 23:21:25,287:INFO:Soft dependency imported: xgboost: 2.1.3
2025-12-07 23:21:25,288:INFO:Soft dependency imported: catboost: 1.2.8
2025-12-07 23:21:25,315:INFO:Engine for model 'rbfsvm' has not been set explicitly, hence returning None.
2025-12-07 23:21:25,331:INFO:Soft dependency imported: xgboost: 2.1.3
2025-12-07 23:21:25,333:INFO:Soft dependency imported: catboost: 1.2.8
2025-12-07 23:21:25,334:INFO:Engine successfully changes for model 'rbfsvm' to 'sklearn'.
2025-12-07 23:21:25,375:INFO:Soft dependency imported: xgboost: 2.1.3
2025-12-07 23:21:25,378:INFO:Soft dependency imported: catboost: 1.2.8
2025-12-07 23:21:25,422:INFO:Soft dependency imported: xgboost: 2.1.3
2025-12-07 23:21:25,424:INFO:Soft dependency imported: catboost: 1.2.8
2025-12-07 23:21:25,430:INFO:Preparing preprocessing pipeline...
2025-12-07 23:21:25,434:INFO:Set up simple imputation.
2025-12-07 23:21:25,446:INFO:Set up encoding of ordinal features.
2025-12-07 23:21:25,454:INFO:Set up encoding of categorical features.
2025-12-07 23:21:25,454:INFO:Set up removing multicollinearity.
2025-12-07 23:21:25,455:INFO:Set up feature normalization.
2025-12-07 23:21:25,686:INFO:Finished creating preprocessing pipeline.
2025-12-07 23:21:25,707:INFO:Pipeline: Pipeline(memory=FastMemory(location=C:\Users\OMAR\AppData\Local\Temp\joblib),
         steps=[('numerical_imputer',
                 TransformerWrapper(exclude=None,
                                    include=['Age', 'IncomeRatio', 'SystolicBP',
                                             'BMI', 'WaistCircumference',
                                             'Height', 'TotalCholesterol',
                                             'Triglycerides', 'LDL', 'HDL',
                                             'HbA1c', 'Glucose', 'Creatinine',
                                             'UricAcid', 'ALT_Enzyme',
                                             'Albumin', 'Potassium', 'Sodium',
                                             'G...
                                                              return_df=True,
                                                              smoothing=10,
                                                              verbose=0))),
                ('remove_multicollinearity',
                 TransformerWrapper(exclude=[], include=None,
                                    transformer=RemoveMulticollinearity(threshold=0.95))),
                ('normalize',
                 TransformerWrapper(exclude=None, include=None,
                                    transformer=RobustScaler(copy=True,
                                                             quantile_range=(25.0,
                                                                             75.0),
                                                             unit_variance=False,
                                                             with_centering=True,
                                                             with_scaling=True)))],
         verbose=False)
2025-12-07 23:21:25,707:INFO:Creating final display dataframe.
2025-12-07 23:21:25,963:INFO:Setup _display_container:                     Description             Value
0                    Session id                42
1                        Target      HeartDisease
2                   Target type            Binary
3           Original data shape       (43695, 28)
4        Transformed data shape       (43695, 32)
5   Transformed train set shape       (30586, 32)
6    Transformed test set shape       (13109, 32)
7              Numeric features                20
8          Categorical features                 7
9                    Preprocess              True
10              Imputation type            simple
11           Numeric imputation               knn
12       Categorical imputation              mode
13     Maximum one-hot encoding                25
14              Encoding method              None
15     Remove multicollinearity              True
16  Multicollinearity threshold              0.95
17                    Normalize              True
18             Normalize method            robust
19               Fold Generator   StratifiedKFold
20                  Fold Number                10
21                     CPU Jobs                 1
22                      Use GPU             False
23               Log Experiment             False
24              Experiment Name  clf-default-name
25                          USI              80ad
2025-12-07 23:21:26,013:INFO:Soft dependency imported: xgboost: 2.1.3
2025-12-07 23:21:26,014:INFO:Soft dependency imported: catboost: 1.2.8
2025-12-07 23:21:26,059:INFO:Soft dependency imported: xgboost: 2.1.3
2025-12-07 23:21:26,060:INFO:Soft dependency imported: catboost: 1.2.8
2025-12-07 23:21:26,060:INFO:setup() successfully completed in 5.04s...............
2025-12-07 23:21:26,111:INFO:Initializing create_model()
2025-12-07 23:21:26,111:INFO:create_model(self=<pycaret.classification.oop.ClassificationExperiment object at 0x000001C4E94064A0>, estimator=xgboost, fold=None, round=4, cross_validation=True, predict=True, fit_kwargs=None, groups=None, refit=True, probability_threshold=None, experiment_custom_tags=None, verbose=True, system=True, add_to_model_list=True, metrics=None, display=None, model_only=True, return_train_score=False, error_score=0.0, kwargs={})
2025-12-07 23:21:26,111:INFO:Checking exceptions
2025-12-07 23:21:26,125:INFO:Importing libraries
2025-12-07 23:21:26,125:INFO:Copying training dataset
2025-12-07 23:21:26,163:INFO:Defining folds
2025-12-07 23:21:26,163:INFO:Declaring metric variables
2025-12-07 23:21:26,166:INFO:Importing untrained model
2025-12-07 23:21:26,171:INFO:Extreme Gradient Boosting Imported successfully
2025-12-07 23:21:26,176:INFO:Starting cross validation
2025-12-07 23:21:26,178:INFO:Cross validating with StratifiedKFold(n_splits=10, random_state=None, shuffle=False), n_jobs=1
2025-12-07 23:21:32,637:INFO:Calculating mean and std
2025-12-07 23:21:32,637:INFO:Creating metrics dataframe
2025-12-07 23:21:32,641:INFO:Finalizing model
2025-12-07 23:21:32,725:INFO:Warning: No categorical columns found. Calling 'transform' will only return input data.
2025-12-07 23:21:33,280:INFO:Uploading results into container
2025-12-07 23:21:33,282:INFO:Uploading model into container now
2025-12-07 23:21:33,292:INFO:_master_model_container: 1
2025-12-07 23:21:33,292:INFO:_display_container: 2
2025-12-07 23:21:33,293:INFO:XGBClassifier(base_score=None, booster='gbtree', callbacks=None,
              colsample_bylevel=None, colsample_bynode=None,
              colsample_bytree=None, device='cpu', early_stopping_rounds=None,
              enable_categorical=False, eval_metric=None, feature_types=None,
              gamma=None, grow_policy=None, importance_type=None,
              interaction_constraints=None, learning_rate=None, max_bin=None,
              max_cat_threshold=None, max_cat_to_onehot=None,
              max_delta_step=None, max_depth=None, max_leaves=None,
              min_child_weight=None, missing=nan, monotone_constraints=None,
              multi_strategy=None, n_estimators=None, n_jobs=1,
              num_parallel_tree=None, objective='binary:logistic', ...)
2025-12-07 23:21:33,293:INFO:create_model() successfully completed......................................
2025-12-07 23:21:33,490:INFO:Initializing tune_model()
2025-12-07 23:21:33,490:INFO:tune_model(estimator=XGBClassifier(base_score=None, booster='gbtree', callbacks=None,
              colsample_bylevel=None, colsample_bynode=None,
              colsample_bytree=None, device='cpu', early_stopping_rounds=None,
              enable_categorical=False, eval_metric=None, feature_types=None,
              gamma=None, grow_policy=None, importance_type=None,
              interaction_constraints=None, learning_rate=None, max_bin=None,
              max_cat_threshold=None, max_cat_to_onehot=None,
              max_delta_step=None, max_depth=None, max_leaves=None,
              min_child_weight=None, missing=nan, monotone_constraints=None,
              multi_strategy=None, n_estimators=None, n_jobs=1,
              num_parallel_tree=None, objective='binary:logistic', ...), fold=None, round=4, n_iter=50, custom_grid={'learning_rate': [0.01, 0.02, 0.05, 0.1], 'n_estimators': [150, 300, 500, 700], 'max_depth': [3, 4, 5, 6, 8], 'min_child_weight': [1, 3, 5, 7], 'gamma': [0, 0.1, 0.2, 0.5], 'scale_pos_weight': [38.153225806451616, 57.22983870967742, 76.30645161290323], 'max_delta_step': [0, 1, 2], 'subsample': [0.6, 0.7, 0.8, 0.9], 'colsample_bytree': [0.6, 0.7, 0.8, 0.9], 'reg_alpha': [0, 0.01, 0.1, 1], 'reg_lambda': [1, 1.5, 3]}, optimize=Recall, custom_scorer=None, search_library=scikit-learn, search_algorithm=random, early_stopping=False, early_stopping_max_iters=10, choose_better=True, fit_kwargs=None, groups=None, return_tuner=False, verbose=True, tuner_verbose=True, return_train_score=False, kwargs={}, self=<pycaret.classification.oop.ClassificationExperiment object at 0x000001C4E94064A0>)
2025-12-07 23:21:33,490:INFO:Checking exceptions
2025-12-07 23:21:33,517:INFO:Copying training dataset
2025-12-07 23:21:33,538:INFO:Checking base model
2025-12-07 23:21:33,538:INFO:Base model : Extreme Gradient Boosting
2025-12-07 23:21:33,543:INFO:Declaring metric variables
2025-12-07 23:21:33,549:INFO:Defining Hyperparameters
2025-12-07 23:21:33,724:INFO:custom_grid: {'actual_estimator__learning_rate': [0.01, 0.02, 0.05, 0.1], 'actual_estimator__n_estimators': [150, 300, 500, 700], 'actual_estimator__max_depth': [3, 4, 5, 6, 8], 'actual_estimator__min_child_weight': [1, 3, 5, 7], 'actual_estimator__gamma': [0, 0.1, 0.2, 0.5], 'actual_estimator__scale_pos_weight': [38.153225806451616, 57.22983870967742, 76.30645161290323], 'actual_estimator__max_delta_step': [0, 1, 2], 'actual_estimator__subsample': [0.6, 0.7, 0.8, 0.9], 'actual_estimator__colsample_bytree': [0.6, 0.7, 0.8, 0.9], 'actual_estimator__reg_alpha': [0, 0.01, 0.1, 1], 'actual_estimator__reg_lambda': [1, 1.5, 3]}
2025-12-07 23:21:33,724:INFO:Tuning with n_jobs=1
2025-12-07 23:21:33,724:INFO:Initializing RandomizedSearchCV
2025-12-07 23:38:51,091:INFO:best_params: {'actual_estimator__subsample': 0.7, 'actual_estimator__scale_pos_weight': 57.22983870967742, 'actual_estimator__reg_lambda': 1.5, 'actual_estimator__reg_alpha': 0.1, 'actual_estimator__n_estimators': 500, 'actual_estimator__min_child_weight': 7, 'actual_estimator__max_depth': 3, 'actual_estimator__max_delta_step': 1, 'actual_estimator__learning_rate': 0.01, 'actual_estimator__gamma': 0.2, 'actual_estimator__colsample_bytree': 0.8}
2025-12-07 23:38:51,092:INFO:Hyperparameter search completed
2025-12-07 23:38:51,092:INFO:SubProcess create_model() called ==================================
2025-12-07 23:38:51,093:INFO:Initializing create_model()
2025-12-07 23:38:51,093:INFO:create_model(self=<pycaret.classification.oop.ClassificationExperiment object at 0x000001C4E94064A0>, estimator=XGBClassifier(base_score=None, booster='gbtree', callbacks=None,
              colsample_bylevel=None, colsample_bynode=None,
              colsample_bytree=None, device='cpu', early_stopping_rounds=None,
              enable_categorical=False, eval_metric=None, feature_types=None,
              gamma=None, grow_policy=None, importance_type=None,
              interaction_constraints=None, learning_rate=None, max_bin=None,
              max_cat_threshold=None, max_cat_to_onehot=None,
              max_delta_step=None, max_depth=None, max_leaves=None,
              min_child_weight=None, missing=nan, monotone_constraints=None,
              multi_strategy=None, n_estimators=None, n_jobs=1,
              num_parallel_tree=None, objective='binary:logistic', ...), fold=StratifiedKFold(n_splits=10, random_state=None, shuffle=False), round=4, cross_validation=True, predict=True, fit_kwargs={}, groups=None, refit=True, probability_threshold=None, experiment_custom_tags=None, verbose=True, system=False, add_to_model_list=True, metrics=None, display=<pycaret.internal.display.display.CommonDisplay object at 0x000001C4EE985B40>, model_only=True, return_train_score=False, error_score=0.0, kwargs={'subsample': 0.7, 'scale_pos_weight': 57.22983870967742, 'reg_lambda': 1.5, 'reg_alpha': 0.1, 'n_estimators': 500, 'min_child_weight': 7, 'max_depth': 3, 'max_delta_step': 1, 'learning_rate': 0.01, 'gamma': 0.2, 'colsample_bytree': 0.8})
2025-12-07 23:38:51,093:INFO:Checking exceptions
2025-12-07 23:38:51,094:INFO:Importing libraries
2025-12-07 23:38:51,094:INFO:Copying training dataset
2025-12-07 23:38:51,120:INFO:Defining folds
2025-12-07 23:38:51,120:INFO:Declaring metric variables
2025-12-07 23:38:51,122:INFO:Importing untrained model
2025-12-07 23:38:51,123:INFO:Declaring custom model
2025-12-07 23:38:51,127:INFO:Extreme Gradient Boosting Imported successfully
2025-12-07 23:38:51,131:INFO:Starting cross validation
2025-12-07 23:38:51,136:INFO:Cross validating with StratifiedKFold(n_splits=10, random_state=None, shuffle=False), n_jobs=1
2025-12-07 23:39:06,603:INFO:Calculating mean and std
2025-12-07 23:39:06,605:INFO:Creating metrics dataframe
2025-12-07 23:39:06,610:INFO:Finalizing model
2025-12-07 23:39:06,684:INFO:Warning: No categorical columns found. Calling 'transform' will only return input data.
2025-12-07 23:39:08,265:INFO:Uploading results into container
2025-12-07 23:39:08,266:INFO:Uploading model into container now
2025-12-07 23:39:08,267:INFO:_master_model_container: 2
2025-12-07 23:39:08,267:INFO:_display_container: 3
2025-12-07 23:39:08,267:INFO:XGBClassifier(base_score=None, booster='gbtree', callbacks=None,
              colsample_bylevel=None, colsample_bynode=None,
              colsample_bytree=0.8, device='cpu', early_stopping_rounds=None,
              enable_categorical=False, eval_metric=None, feature_types=None,
              gamma=0.2, grow_policy=None, importance_type=None,
              interaction_constraints=None, learning_rate=0.01, max_bin=None,
              max_cat_threshold=None, max_cat_to_onehot=None, max_delta_step=1,
              max_depth=3, max_leaves=None, min_child_weight=7, missing=nan,
              monotone_constraints=None, multi_strategy=None, n_estimators=500,
              n_jobs=1, num_parallel_tree=None, objective='binary:logistic', ...)
2025-12-07 23:39:08,267:INFO:create_model() successfully completed......................................
2025-12-07 23:39:08,459:INFO:SubProcess create_model() end ==================================
2025-12-07 23:39:08,459:INFO:choose_better activated
2025-12-07 23:39:08,462:INFO:SubProcess create_model() called ==================================
2025-12-07 23:39:08,462:INFO:Initializing create_model()
2025-12-07 23:39:08,462:INFO:create_model(self=<pycaret.classification.oop.ClassificationExperiment object at 0x000001C4E94064A0>, estimator=XGBClassifier(base_score=None, booster='gbtree', callbacks=None,
              colsample_bylevel=None, colsample_bynode=None,
              colsample_bytree=None, device='cpu', early_stopping_rounds=None,
              enable_categorical=False, eval_metric=None, feature_types=None,
              gamma=None, grow_policy=None, importance_type=None,
              interaction_constraints=None, learning_rate=None, max_bin=None,
              max_cat_threshold=None, max_cat_to_onehot=None,
              max_delta_step=None, max_depth=None, max_leaves=None,
              min_child_weight=None, missing=nan, monotone_constraints=None,
              multi_strategy=None, n_estimators=None, n_jobs=1,
              num_parallel_tree=None, objective='binary:logistic', ...), fold=StratifiedKFold(n_splits=10, random_state=None, shuffle=False), round=4, cross_validation=True, predict=True, fit_kwargs={}, groups=None, refit=True, probability_threshold=None, experiment_custom_tags=None, verbose=False, system=False, add_to_model_list=True, metrics=None, display=None, model_only=True, return_train_score=False, error_score=0.0, kwargs={})
2025-12-07 23:39:08,462:INFO:Checking exceptions
2025-12-07 23:39:08,464:INFO:Importing libraries
2025-12-07 23:39:08,464:INFO:Copying training dataset
2025-12-07 23:39:08,485:INFO:Defining folds
2025-12-07 23:39:08,485:INFO:Declaring metric variables
2025-12-07 23:39:08,485:INFO:Importing untrained model
2025-12-07 23:39:08,485:INFO:Declaring custom model
2025-12-07 23:39:08,486:INFO:Extreme Gradient Boosting Imported successfully
2025-12-07 23:39:08,486:INFO:Starting cross validation
2025-12-07 23:39:08,487:INFO:Cross validating with StratifiedKFold(n_splits=10, random_state=None, shuffle=False), n_jobs=1
2025-12-07 23:39:14,757:INFO:Calculating mean and std
2025-12-07 23:39:14,757:INFO:Creating metrics dataframe
2025-12-07 23:39:14,757:INFO:Finalizing model
2025-12-07 23:39:14,827:INFO:Warning: No categorical columns found. Calling 'transform' will only return input data.
2025-12-07 23:39:15,353:INFO:Uploading results into container
2025-12-07 23:39:15,354:INFO:Uploading model into container now
2025-12-07 23:39:15,354:INFO:_master_model_container: 3
2025-12-07 23:39:15,354:INFO:_display_container: 4
2025-12-07 23:39:15,355:INFO:XGBClassifier(base_score=None, booster='gbtree', callbacks=None,
              colsample_bylevel=None, colsample_bynode=None,
              colsample_bytree=None, device='cpu', early_stopping_rounds=None,
              enable_categorical=False, eval_metric=None, feature_types=None,
              gamma=None, grow_policy=None, importance_type=None,
              interaction_constraints=None, learning_rate=None, max_bin=None,
              max_cat_threshold=None, max_cat_to_onehot=None,
              max_delta_step=None, max_depth=None, max_leaves=None,
              min_child_weight=None, missing=nan, monotone_constraints=None,
              multi_strategy=None, n_estimators=None, n_jobs=1,
              num_parallel_tree=None, objective='binary:logistic', ...)
2025-12-07 23:39:15,355:INFO:create_model() successfully completed......................................
2025-12-07 23:39:15,532:INFO:SubProcess create_model() end ==================================
2025-12-07 23:39:15,533:INFO:XGBClassifier(base_score=None, booster='gbtree', callbacks=None,
              colsample_bylevel=None, colsample_bynode=None,
              colsample_bytree=None, device='cpu', early_stopping_rounds=None,
              enable_categorical=False, eval_metric=None, feature_types=None,
              gamma=None, grow_policy=None, importance_type=None,
              interaction_constraints=None, learning_rate=None, max_bin=None,
              max_cat_threshold=None, max_cat_to_onehot=None,
              max_delta_step=None, max_depth=None, max_leaves=None,
              min_child_weight=None, missing=nan, monotone_constraints=None,
              multi_strategy=None, n_estimators=None, n_jobs=1,
              num_parallel_tree=None, objective='binary:logistic', ...) result for Recall is 0.105
2025-12-07 23:39:15,534:INFO:XGBClassifier(base_score=None, booster='gbtree', callbacks=None,
              colsample_bylevel=None, colsample_bynode=None,
              colsample_bytree=0.8, device='cpu', early_stopping_rounds=None,
              enable_categorical=False, eval_metric=None, feature_types=None,
              gamma=0.2, grow_policy=None, importance_type=None,
              interaction_constraints=None, learning_rate=0.01, max_bin=None,
              max_cat_threshold=None, max_cat_to_onehot=None, max_delta_step=1,
              max_depth=3, max_leaves=None, min_child_weight=7, missing=nan,
              monotone_constraints=None, multi_strategy=None, n_estimators=500,
              n_jobs=1, num_parallel_tree=None, objective='binary:logistic', ...) result for Recall is 0.936
2025-12-07 23:39:15,534:INFO:XGBClassifier(base_score=None, booster='gbtree', callbacks=None,
              colsample_bylevel=None, colsample_bynode=None,
              colsample_bytree=0.8, device='cpu', early_stopping_rounds=None,
              enable_categorical=False, eval_metric=None, feature_types=None,
              gamma=0.2, grow_policy=None, importance_type=None,
              interaction_constraints=None, learning_rate=0.01, max_bin=None,
              max_cat_threshold=None, max_cat_to_onehot=None, max_delta_step=1,
              max_depth=3, max_leaves=None, min_child_weight=7, missing=nan,
              monotone_constraints=None, multi_strategy=None, n_estimators=500,
              n_jobs=1, num_parallel_tree=None, objective='binary:logistic', ...) is best model
2025-12-07 23:39:15,534:INFO:choose_better completed
2025-12-07 23:39:15,542:INFO:_master_model_container: 3
2025-12-07 23:39:15,542:INFO:_display_container: 3
2025-12-07 23:39:15,542:INFO:XGBClassifier(base_score=None, booster='gbtree', callbacks=None,
              colsample_bylevel=None, colsample_bynode=None,
              colsample_bytree=0.8, device='cpu', early_stopping_rounds=None,
              enable_categorical=False, eval_metric=None, feature_types=None,
              gamma=0.2, grow_policy=None, importance_type=None,
              interaction_constraints=None, learning_rate=0.01, max_bin=None,
              max_cat_threshold=None, max_cat_to_onehot=None, max_delta_step=1,
              max_depth=3, max_leaves=None, min_child_weight=7, missing=nan,
              monotone_constraints=None, multi_strategy=None, n_estimators=500,
              n_jobs=1, num_parallel_tree=None, objective='binary:logistic', ...)
2025-12-07 23:39:15,542:INFO:tune_model() successfully completed......................................
2025-12-07 23:39:15,738:INFO:Initializing get_config()
2025-12-07 23:39:15,738:INFO:get_config(self=<pycaret.classification.oop.ClassificationExperiment object at 0x000001C4E94064A0>, variable=X_test_transformed)
2025-12-07 23:39:15,830:INFO:Variable: X_test returned as             Age  IncomeRatio  SystolicBP       BMI  WaistCircumference  \
28456 -0.477273    -0.304717   -0.519256 -0.987220           -0.923253   
8993   0.818182     0.253271    2.156910  0.770675            0.920394   
34312  0.704545     0.055403    0.519256  0.518044            0.662901   
4802  -0.545455     0.253730   -0.331933 -0.229036           -0.436352   
25895  0.704545     1.226781   -0.093200 -0.226100            0.012322   
...         ...          ...         ...       ...                 ...   
18045 -0.568182    -0.083104   -0.568713 -1.176693           -1.338674   
5425   0.590909     0.362732    2.210168  0.139096            0.292112   
12819  0.909091    -0.019787    0.899042  0.454886            0.971892   
33659 -0.522727     1.060572   -0.525683 -0.587220           -0.906087   
19531 -0.590909    -0.344290   -0.510287 -0.945114           -1.215078   

         Height  TotalCholesterol  Triglycerides       LDL       HDL  ...  \
28456 -1.080540         -0.078535      -0.470757 -0.026922  0.418008  ...   
8993  -0.279669          0.765897       0.705031  0.006026  0.446825  ...   
34312  0.559339         -0.123259       0.929511 -1.031826 -1.404309  ...   
4802  -0.504861         -0.188325      -0.322647  0.000015 -0.138743  ...   
25895  0.216731          0.892919       1.291109  0.008211 -0.255329  ...   
...         ...               ...            ...       ...       ...  ...   
18045 -2.080569         -0.340947      -0.470582 -0.848950  0.393794  ...   
5425   0.156785          0.435639      -0.065356  1.113733  0.127664  ...   
12819  1.194951         -0.732967      -0.470025 -0.211535 -1.085148  ...   
33659 -1.254274         -1.063225      -0.470958 -2.849419  0.127664  ...   
19531 -2.339052         -0.356898      -0.470595 -0.900608  0.393896  ...   

       Race_5.0  Race_1.0  Race_4.0  Race_3.0  Race_2.0  Education   Smoking  \
28456       1.0       0.0       0.0       0.0       0.0  -0.012820  0.000000   
8993        0.0       0.0       1.0       0.0       0.0   0.547458  1.000000   
34312       0.0       0.0       0.0       1.0       0.0  -0.659696  0.000000   
4802        1.0       0.0       0.0       0.0       0.0   0.262895  0.073612   
25895       0.0       0.0       0.0       1.0       0.0   1.151035  0.000000   
...         ...       ...       ...       ...       ...        ...       ...   
18045       0.0       0.0       0.0       1.0       0.0  -0.793202  0.000000   
5425        0.0       0.0       1.0       0.0       0.0   0.547458  1.000000   
12819       0.0       0.0       0.0       1.0       0.0   1.151035  1.000000   
33659       0.0       0.0       1.0       0.0       0.0   0.258362  0.000000   
19531       1.0       0.0       0.0       0.0       0.0  -0.821118  0.000000   

       PhysicalActivity  HealthInsurance   Alcohol  
28456          0.660578              0.0 -0.518600  
8993           0.000000              0.0  0.115329  
34312          0.000000              0.0  0.592213  
4802           1.012447              0.0 -0.103347  
25895          0.000000              0.0 -0.886483  
...                 ...              ...       ...  
18045          0.904383              0.0 -0.482716  
5425           1.598141              0.0  0.097790  
12819          1.598141              0.0  0.612947  
33659          1.162475              0.0 -0.154408  
19531          0.791302              0.0 -0.683278  

[13109 rows x 31 columns]
2025-12-07 23:39:15,830:INFO:get_config() successfully completed......................................
2025-12-07 23:39:15,830:INFO:Initializing get_config()
2025-12-07 23:39:15,830:INFO:get_config(self=<pycaret.classification.oop.ClassificationExperiment object at 0x000001C4E94064A0>, variable=y_test)
2025-12-07 23:39:15,830:INFO:Variable: 'y_test' used to return the transformed values in PyCaret 2.x. From PyCaret 3.x, this will return the raw values. If you need the transformed values, call get_config with 'y_test_transformed' instead.
2025-12-07 23:39:15,830:WARNING:c:\Users\OMAR\miniconda3\envs\xgb_env\lib\site-packages\pycaret\internal\pycaret_experiment\pycaret_experiment.py:321: UserWarning: Variable: 'y_test' used to return the transformed values in PyCaret 2.x. From PyCaret 3.x, this will return the raw values. If you need the transformed values, call get_config with 'y_test_transformed' instead.

2025-12-07 23:39:15,835:INFO:Variable:  returned as 28456    0.0
8993     0.0
34312    0.0
4802     0.0
25895    0.0
        ... 
18045    0.0
5425     0.0
12819    0.0
33659    0.0
19531    0.0
Name: HeartDisease, Length: 13109, dtype: float32
2025-12-07 23:39:15,836:INFO:get_config() successfully completed......................................
2025-12-07 23:41:25,069:INFO:Initializing get_config()
2025-12-07 23:41:25,069:INFO:get_config(self=<pycaret.classification.oop.ClassificationExperiment object at 0x000001C4E94064A0>, variable=X_test_transformed)
2025-12-07 23:41:25,164:INFO:Variable: X_test returned as             Age  IncomeRatio  SystolicBP       BMI  WaistCircumference  \
28456 -0.477273    -0.304717   -0.519256 -0.987220           -0.923253   
8993   0.818182     0.253271    2.156910  0.770675            0.920394   
34312  0.704545     0.055403    0.519256  0.518044            0.662901   
4802  -0.545455     0.253730   -0.331933 -0.229036           -0.436352   
25895  0.704545     1.226781   -0.093200 -0.226100            0.012322   
...         ...          ...         ...       ...                 ...   
18045 -0.568182    -0.083104   -0.568713 -1.176693           -1.338674   
5425   0.590909     0.362732    2.210168  0.139096            0.292112   
12819  0.909091    -0.019787    0.899042  0.454886            0.971892   
33659 -0.522727     1.060572   -0.525683 -0.587220           -0.906087   
19531 -0.590909    -0.344290   -0.510287 -0.945114           -1.215078   

         Height  TotalCholesterol  Triglycerides       LDL       HDL  ...  \
28456 -1.080540         -0.078535      -0.470757 -0.026922  0.418008  ...   
8993  -0.279669          0.765897       0.705031  0.006026  0.446825  ...   
34312  0.559339         -0.123259       0.929511 -1.031826 -1.404309  ...   
4802  -0.504861         -0.188325      -0.322647  0.000015 -0.138743  ...   
25895  0.216731          0.892919       1.291109  0.008211 -0.255329  ...   
...         ...               ...            ...       ...       ...  ...   
18045 -2.080569         -0.340947      -0.470582 -0.848950  0.393794  ...   
5425   0.156785          0.435639      -0.065356  1.113733  0.127664  ...   
12819  1.194951         -0.732967      -0.470025 -0.211535 -1.085148  ...   
33659 -1.254274         -1.063225      -0.470958 -2.849419  0.127664  ...   
19531 -2.339052         -0.356898      -0.470595 -0.900608  0.393896  ...   

       Race_5.0  Race_1.0  Race_4.0  Race_3.0  Race_2.0  Education   Smoking  \
28456       1.0       0.0       0.0       0.0       0.0  -0.012820  0.000000   
8993        0.0       0.0       1.0       0.0       0.0   0.547458  1.000000   
34312       0.0       0.0       0.0       1.0       0.0  -0.659696  0.000000   
4802        1.0       0.0       0.0       0.0       0.0   0.262895  0.073612   
25895       0.0       0.0       0.0       1.0       0.0   1.151035  0.000000   
...         ...       ...       ...       ...       ...        ...       ...   
18045       0.0       0.0       0.0       1.0       0.0  -0.793202  0.000000   
5425        0.0       0.0       1.0       0.0       0.0   0.547458  1.000000   
12819       0.0       0.0       0.0       1.0       0.0   1.151035  1.000000   
33659       0.0       0.0       1.0       0.0       0.0   0.258362  0.000000   
19531       1.0       0.0       0.0       0.0       0.0  -0.821118  0.000000   

       PhysicalActivity  HealthInsurance   Alcohol  
28456          0.660578              0.0 -0.518600  
8993           0.000000              0.0  0.115329  
34312          0.000000              0.0  0.592213  
4802           1.012447              0.0 -0.103347  
25895          0.000000              0.0 -0.886483  
...                 ...              ...       ...  
18045          0.904383              0.0 -0.482716  
5425           1.598141              0.0  0.097790  
12819          1.598141              0.0  0.612947  
33659          1.162475              0.0 -0.154408  
19531          0.791302              0.0 -0.683278  

[13109 rows x 31 columns]
2025-12-07 23:41:25,164:INFO:get_config() successfully completed......................................
2025-12-07 23:41:25,164:INFO:Initializing get_config()
2025-12-07 23:41:25,164:INFO:get_config(self=<pycaret.classification.oop.ClassificationExperiment object at 0x000001C4E94064A0>, variable=y_test)
2025-12-07 23:41:25,164:INFO:Variable: 'y_test' used to return the transformed values in PyCaret 2.x. From PyCaret 3.x, this will return the raw values. If you need the transformed values, call get_config with 'y_test_transformed' instead.
2025-12-07 23:41:25,164:WARNING:c:\Users\OMAR\miniconda3\envs\xgb_env\lib\site-packages\pycaret\internal\pycaret_experiment\pycaret_experiment.py:321: UserWarning: Variable: 'y_test' used to return the transformed values in PyCaret 2.x. From PyCaret 3.x, this will return the raw values. If you need the transformed values, call get_config with 'y_test_transformed' instead.

2025-12-07 23:41:25,169:INFO:Variable:  returned as 28456    0.0
8993     0.0
34312    0.0
4802     0.0
25895    0.0
        ... 
18045    0.0
5425     0.0
12819    0.0
33659    0.0
19531    0.0
Name: HeartDisease, Length: 13109, dtype: float32
2025-12-07 23:41:25,169:INFO:get_config() successfully completed......................................
2025-12-07 23:41:40,160:INFO:Initializing plot_model()
2025-12-07 23:41:40,160:INFO:plot_model(plot=auc, fold=None, verbose=True, display=None, display_format=None, estimator=XGBClassifier(base_score=None, booster='gbtree', callbacks=None,
              colsample_bylevel=None, colsample_bynode=None,
              colsample_bytree=0.8, device='cpu', early_stopping_rounds=None,
              enable_categorical=False, eval_metric=None, feature_types=None,
              gamma=0.2, grow_policy=None, importance_type=None,
              interaction_constraints=None, learning_rate=0.01, max_bin=None,
              max_cat_threshold=None, max_cat_to_onehot=None, max_delta_step=1,
              max_depth=3, max_leaves=None, min_child_weight=7, missing=nan,
              monotone_constraints=None, multi_strategy=None, n_estimators=500,
              n_jobs=1, num_parallel_tree=None, objective='binary:logistic', ...), feature_name=None, fit_kwargs=None, groups=None, label=False, plot_kwargs=None, save=False, scale=1, self=<pycaret.classification.oop.ClassificationExperiment object at 0x000001C4E94064A0>, system=True)
2025-12-07 23:41:40,160:INFO:Checking exceptions
2025-12-07 23:41:40,176:INFO:Preloading libraries
2025-12-07 23:41:40,193:INFO:Copying training dataset
2025-12-07 23:41:40,194:INFO:Plot type: auc
2025-12-07 23:41:40,424:INFO:Fitting Model
2025-12-07 23:41:40,424:INFO:Scoring test/hold-out set
2025-12-07 23:41:40,638:INFO:Visual Rendered Successfully
2025-12-07 23:41:40,809:INFO:plot_model() successfully completed......................................
2025-12-07 23:41:40,809:INFO:Initializing get_config()
2025-12-07 23:41:40,809:INFO:get_config(self=<pycaret.classification.oop.ClassificationExperiment object at 0x000001C4E94064A0>, variable=X_test_transformed)
2025-12-07 23:41:40,896:INFO:Variable: X_test returned as             Age  IncomeRatio  SystolicBP       BMI  WaistCircumference  \
28456 -0.477273    -0.304717   -0.519256 -0.987220           -0.923253   
8993   0.818182     0.253271    2.156910  0.770675            0.920394   
34312  0.704545     0.055403    0.519256  0.518044            0.662901   
4802  -0.545455     0.253730   -0.331933 -0.229036           -0.436352   
25895  0.704545     1.226781   -0.093200 -0.226100            0.012322   
...         ...          ...         ...       ...                 ...   
18045 -0.568182    -0.083104   -0.568713 -1.176693           -1.338674   
5425   0.590909     0.362732    2.210168  0.139096            0.292112   
12819  0.909091    -0.019787    0.899042  0.454886            0.971892   
33659 -0.522727     1.060572   -0.525683 -0.587220           -0.906087   
19531 -0.590909    -0.344290   -0.510287 -0.945114           -1.215078   

         Height  TotalCholesterol  Triglycerides       LDL       HDL  ...  \
28456 -1.080540         -0.078535      -0.470757 -0.026922  0.418008  ...   
8993  -0.279669          0.765897       0.705031  0.006026  0.446825  ...   
34312  0.559339         -0.123259       0.929511 -1.031826 -1.404309  ...   
4802  -0.504861         -0.188325      -0.322647  0.000015 -0.138743  ...   
25895  0.216731          0.892919       1.291109  0.008211 -0.255329  ...   
...         ...               ...            ...       ...       ...  ...   
18045 -2.080569         -0.340947      -0.470582 -0.848950  0.393794  ...   
5425   0.156785          0.435639      -0.065356  1.113733  0.127664  ...   
12819  1.194951         -0.732967      -0.470025 -0.211535 -1.085148  ...   
33659 -1.254274         -1.063225      -0.470958 -2.849419  0.127664  ...   
19531 -2.339052         -0.356898      -0.470595 -0.900608  0.393896  ...   

       Race_5.0  Race_1.0  Race_4.0  Race_3.0  Race_2.0  Education   Smoking  \
28456       1.0       0.0       0.0       0.0       0.0  -0.012820  0.000000   
8993        0.0       0.0       1.0       0.0       0.0   0.547458  1.000000   
34312       0.0       0.0       0.0       1.0       0.0  -0.659696  0.000000   
4802        1.0       0.0       0.0       0.0       0.0   0.262895  0.073612   
25895       0.0       0.0       0.0       1.0       0.0   1.151035  0.000000   
...         ...       ...       ...       ...       ...        ...       ...   
18045       0.0       0.0       0.0       1.0       0.0  -0.793202  0.000000   
5425        0.0       0.0       1.0       0.0       0.0   0.547458  1.000000   
12819       0.0       0.0       0.0       1.0       0.0   1.151035  1.000000   
33659       0.0       0.0       1.0       0.0       0.0   0.258362  0.000000   
19531       1.0       0.0       0.0       0.0       0.0  -0.821118  0.000000   

       PhysicalActivity  HealthInsurance   Alcohol  
28456          0.660578              0.0 -0.518600  
8993           0.000000              0.0  0.115329  
34312          0.000000              0.0  0.592213  
4802           1.012447              0.0 -0.103347  
25895          0.000000              0.0 -0.886483  
...                 ...              ...       ...  
18045          0.904383              0.0 -0.482716  
5425           1.598141              0.0  0.097790  
12819          1.598141              0.0  0.612947  
33659          1.162475              0.0 -0.154408  
19531          0.791302              0.0 -0.683278  

[13109 rows x 31 columns]
2025-12-07 23:41:40,896:INFO:get_config() successfully completed......................................
2025-12-07 23:41:40,896:INFO:Initializing get_config()
2025-12-07 23:41:40,896:INFO:get_config(self=<pycaret.classification.oop.ClassificationExperiment object at 0x000001C4E94064A0>, variable=y_test)
2025-12-07 23:41:40,896:INFO:Variable: 'y_test' used to return the transformed values in PyCaret 2.x. From PyCaret 3.x, this will return the raw values. If you need the transformed values, call get_config with 'y_test_transformed' instead.
2025-12-07 23:41:40,896:WARNING:c:\Users\OMAR\miniconda3\envs\xgb_env\lib\site-packages\pycaret\internal\pycaret_experiment\pycaret_experiment.py:321: UserWarning: Variable: 'y_test' used to return the transformed values in PyCaret 2.x. From PyCaret 3.x, this will return the raw values. If you need the transformed values, call get_config with 'y_test_transformed' instead.

2025-12-07 23:41:40,901:INFO:Variable:  returned as 28456    0.0
8993     0.0
34312    0.0
4802     0.0
25895    0.0
        ... 
18045    0.0
5425     0.0
12819    0.0
33659    0.0
19531    0.0
Name: HeartDisease, Length: 13109, dtype: float32
2025-12-07 23:41:40,901:INFO:get_config() successfully completed......................................
2025-12-07 23:41:44,762:INFO:Initializing plot_model()
2025-12-07 23:41:44,763:INFO:plot_model(plot=pr, fold=None, verbose=True, display=None, display_format=None, estimator=XGBClassifier(base_score=None, booster='gbtree', callbacks=None,
              colsample_bylevel=None, colsample_bynode=None,
              colsample_bytree=0.8, device='cpu', early_stopping_rounds=None,
              enable_categorical=False, eval_metric=None, feature_types=None,
              gamma=0.2, grow_policy=None, importance_type=None,
              interaction_constraints=None, learning_rate=0.01, max_bin=None,
              max_cat_threshold=None, max_cat_to_onehot=None, max_delta_step=1,
              max_depth=3, max_leaves=None, min_child_weight=7, missing=nan,
              monotone_constraints=None, multi_strategy=None, n_estimators=500,
              n_jobs=1, num_parallel_tree=None, objective='binary:logistic', ...), feature_name=None, fit_kwargs=None, groups=None, label=False, plot_kwargs=None, save=False, scale=1, self=<pycaret.classification.oop.ClassificationExperiment object at 0x000001C4E94064A0>, system=True)
2025-12-07 23:41:44,763:INFO:Checking exceptions
2025-12-07 23:41:44,774:INFO:Preloading libraries
2025-12-07 23:41:44,785:INFO:Copying training dataset
2025-12-07 23:41:44,785:INFO:Plot type: pr
2025-12-07 23:41:45,014:INFO:Fitting Model
2025-12-07 23:41:45,014:INFO:Scoring test/hold-out set
2025-12-07 23:41:45,217:INFO:Visual Rendered Successfully
2025-12-07 23:41:45,399:INFO:plot_model() successfully completed......................................
2025-12-07 23:41:49,034:INFO:Initializing plot_model()
2025-12-07 23:41:49,034:INFO:plot_model(plot=confusion_matrix, fold=None, verbose=True, display=None, display_format=None, estimator=XGBClassifier(base_score=None, booster='gbtree', callbacks=None,
              colsample_bylevel=None, colsample_bynode=None,
              colsample_bytree=0.8, device='cpu', early_stopping_rounds=None,
              enable_categorical=False, eval_metric=None, feature_types=None,
              gamma=0.2, grow_policy=None, importance_type=None,
              interaction_constraints=None, learning_rate=0.01, max_bin=None,
              max_cat_threshold=None, max_cat_to_onehot=None, max_delta_step=1,
              max_depth=3, max_leaves=None, min_child_weight=7, missing=nan,
              monotone_constraints=None, multi_strategy=None, n_estimators=500,
              n_jobs=1, num_parallel_tree=None, objective='binary:logistic', ...), feature_name=None, fit_kwargs=None, groups=None, label=False, plot_kwargs=None, save=False, scale=1, self=<pycaret.classification.oop.ClassificationExperiment object at 0x000001C4E94064A0>, system=True)
2025-12-07 23:41:49,034:INFO:Checking exceptions
2025-12-07 23:41:49,047:INFO:Preloading libraries
2025-12-07 23:41:49,059:INFO:Copying training dataset
2025-12-07 23:41:49,059:INFO:Plot type: confusion_matrix
2025-12-07 23:41:49,291:INFO:Fitting Model
2025-12-07 23:41:49,291:INFO:Scoring test/hold-out set
2025-12-07 23:41:49,458:INFO:Visual Rendered Successfully
2025-12-07 23:41:49,627:INFO:plot_model() successfully completed......................................
2025-12-07 23:41:54,914:INFO:Initializing plot_model()
2025-12-07 23:41:54,914:INFO:plot_model(plot=error, fold=None, verbose=True, display=None, display_format=None, estimator=XGBClassifier(base_score=None, booster='gbtree', callbacks=None,
              colsample_bylevel=None, colsample_bynode=None,
              colsample_bytree=0.8, device='cpu', early_stopping_rounds=None,
              enable_categorical=False, eval_metric=None, feature_types=None,
              gamma=0.2, grow_policy=None, importance_type=None,
              interaction_constraints=None, learning_rate=0.01, max_bin=None,
              max_cat_threshold=None, max_cat_to_onehot=None, max_delta_step=1,
              max_depth=3, max_leaves=None, min_child_weight=7, missing=nan,
              monotone_constraints=None, multi_strategy=None, n_estimators=500,
              n_jobs=1, num_parallel_tree=None, objective='binary:logistic', ...), feature_name=None, fit_kwargs=None, groups=None, label=False, plot_kwargs=None, save=False, scale=1, self=<pycaret.classification.oop.ClassificationExperiment object at 0x000001C4E94064A0>, system=True)
2025-12-07 23:41:54,914:INFO:Checking exceptions
2025-12-07 23:41:54,925:INFO:Preloading libraries
2025-12-07 23:41:54,937:INFO:Copying training dataset
2025-12-07 23:41:54,938:INFO:Plot type: error
2025-12-07 23:41:55,172:INFO:Fitting Model
2025-12-07 23:41:55,173:INFO:Scoring test/hold-out set
2025-12-07 23:41:55,407:INFO:Visual Rendered Successfully
2025-12-07 23:41:55,575:INFO:plot_model() successfully completed......................................
2025-12-07 23:41:58,129:INFO:Initializing plot_model()
2025-12-07 23:41:58,129:INFO:plot_model(plot=calibration, fold=None, verbose=True, display=None, display_format=None, estimator=XGBClassifier(base_score=None, booster='gbtree', callbacks=None,
              colsample_bylevel=None, colsample_bynode=None,
              colsample_bytree=0.8, device='cpu', early_stopping_rounds=None,
              enable_categorical=False, eval_metric=None, feature_types=None,
              gamma=0.2, grow_policy=None, importance_type=None,
              interaction_constraints=None, learning_rate=0.01, max_bin=None,
              max_cat_threshold=None, max_cat_to_onehot=None, max_delta_step=1,
              max_depth=3, max_leaves=None, min_child_weight=7, missing=nan,
              monotone_constraints=None, multi_strategy=None, n_estimators=500,
              n_jobs=1, num_parallel_tree=None, objective='binary:logistic', ...), feature_name=None, fit_kwargs=None, groups=None, label=False, plot_kwargs=None, save=False, scale=1, self=<pycaret.classification.oop.ClassificationExperiment object at 0x000001C4E94064A0>, system=True)
2025-12-07 23:41:58,129:INFO:Checking exceptions
2025-12-07 23:41:58,142:INFO:Preloading libraries
2025-12-07 23:41:58,154:INFO:Copying training dataset
2025-12-07 23:41:58,154:INFO:Plot type: calibration
2025-12-07 23:41:58,165:INFO:Scoring test/hold-out set
2025-12-07 23:41:58,474:INFO:Visual Rendered Successfully
2025-12-07 23:41:58,641:INFO:plot_model() successfully completed......................................
2025-12-07 23:42:02,837:INFO:Initializing interpret_model()
2025-12-07 23:42:02,837:INFO:interpret_model(estimator=XGBClassifier(base_score=None, booster='gbtree', callbacks=None,
              colsample_bylevel=None, colsample_bynode=None,
              colsample_bytree=0.8, device='cpu', early_stopping_rounds=None,
              enable_categorical=False, eval_metric=None, feature_types=None,
              gamma=0.2, grow_policy=None, importance_type=None,
              interaction_constraints=None, learning_rate=0.01, max_bin=None,
              max_cat_threshold=None, max_cat_to_onehot=None, max_delta_step=1,
              max_depth=3, max_leaves=None, min_child_weight=7, missing=nan,
              monotone_constraints=None, multi_strategy=None, n_estimators=500,
              n_jobs=1, num_parallel_tree=None, objective='binary:logistic', ...), use_train_data=False, X_new_sample=None, y_new_sample=None, feature=None, kwargs={}, observation=None, plot=summary, save=False, self=<pycaret.classification.oop.ClassificationExperiment object at 0x000001C4E94064A0>)
2025-12-07 23:42:02,838:INFO:Checking exceptions
2025-12-07 23:42:02,838:INFO:Soft dependency imported: shap: 0.49.1
2025-12-07 23:42:02,915:INFO:plot type: summary
2025-12-07 23:42:02,915:INFO:Creating TreeExplainer
2025-12-07 23:42:02,965:INFO:Compiling shap values
2025-12-07 23:42:05,298:WARNING:c:\Users\OMAR\miniconda3\envs\xgb_env\lib\site-packages\pycaret\internal\pycaret_experiment\supervised_experiment.py:4145: FutureWarning: The NumPy global RNG was seeded by calling `np.random.seed`. In a future version this function will no longer use the global RNG. Pass `rng` explicitly to opt-in to the new behaviour and silence this warning.

2025-12-07 23:42:06,409:INFO:Visual Rendered Successfully
2025-12-07 23:42:06,409:INFO:interpret_model() successfully completed......................................
2025-12-07 23:42:11,317:INFO:Initializing finalize_model()
2025-12-07 23:42:11,317:INFO:finalize_model(self=<pycaret.classification.oop.ClassificationExperiment object at 0x000001C4E94064A0>, estimator=XGBClassifier(base_score=None, booster='gbtree', callbacks=None,
              colsample_bylevel=None, colsample_bynode=None,
              colsample_bytree=0.8, device='cpu', early_stopping_rounds=None,
              enable_categorical=False, eval_metric=None, feature_types=None,
              gamma=0.2, grow_policy=None, importance_type=None,
              interaction_constraints=None, learning_rate=0.01, max_bin=None,
              max_cat_threshold=None, max_cat_to_onehot=None, max_delta_step=1,
              max_depth=3, max_leaves=None, min_child_weight=7, missing=nan,
              monotone_constraints=None, multi_strategy=None, n_estimators=500,
              n_jobs=1, num_parallel_tree=None, objective='binary:logistic', ...), fit_kwargs=None, groups=None, model_only=False, experiment_custom_tags=None)
2025-12-07 23:42:11,318:INFO:Finalizing XGBClassifier(base_score=None, booster='gbtree', callbacks=None,
              colsample_bylevel=None, colsample_bynode=None,
              colsample_bytree=0.8, device='cpu', early_stopping_rounds=None,
              enable_categorical=False, eval_metric=None, feature_types=None,
              gamma=0.2, grow_policy=None, importance_type=None,
              interaction_constraints=None, learning_rate=0.01, max_bin=None,
              max_cat_threshold=None, max_cat_to_onehot=None, max_delta_step=1,
              max_depth=3, max_leaves=None, min_child_weight=7, missing=nan,
              monotone_constraints=None, multi_strategy=None, n_estimators=500,
              n_jobs=1, num_parallel_tree=None, objective='binary:logistic', ...)
2025-12-07 23:42:11,334:INFO:Initializing create_model()
2025-12-07 23:42:11,334:INFO:create_model(self=<pycaret.classification.oop.ClassificationExperiment object at 0x000001C4E94064A0>, estimator=XGBClassifier(base_score=None, booster='gbtree', callbacks=None,
              colsample_bylevel=None, colsample_bynode=None,
              colsample_bytree=0.8, device='cpu', early_stopping_rounds=None,
              enable_categorical=False, eval_metric=None, feature_types=None,
              gamma=0.2, grow_policy=None, importance_type=None,
              interaction_constraints=None, learning_rate=0.01, max_bin=None,
              max_cat_threshold=None, max_cat_to_onehot=None, max_delta_step=1,
              max_depth=3, max_leaves=None, min_child_weight=7, missing=nan,
              monotone_constraints=None, multi_strategy=None, n_estimators=500,
              n_jobs=1, num_parallel_tree=None, objective='binary:logistic', ...), fold=None, round=4, cross_validation=False, predict=False, fit_kwargs={}, groups=None, refit=True, probability_threshold=None, experiment_custom_tags=None, verbose=False, system=False, add_to_model_list=False, metrics=None, display=None, model_only=False, return_train_score=False, error_score=0.0, kwargs={})
2025-12-07 23:42:11,334:INFO:Checking exceptions
2025-12-07 23:42:11,334:INFO:Importing libraries
2025-12-07 23:42:11,334:INFO:Copying training dataset
2025-12-07 23:42:11,340:INFO:Defining folds
2025-12-07 23:42:11,340:INFO:Declaring metric variables
2025-12-07 23:42:11,340:INFO:Importing untrained model
2025-12-07 23:42:11,340:INFO:Declaring custom model
2025-12-07 23:42:11,342:INFO:Extreme Gradient Boosting Imported successfully
2025-12-07 23:42:11,343:INFO:Cross validation set to False
2025-12-07 23:42:11,343:INFO:Fitting Model
2025-12-07 23:42:11,438:INFO:Warning: No categorical columns found. Calling 'transform' will only return input data.
2025-12-07 23:42:13,595:INFO:Pipeline(memory=Memory(location=None),
         steps=[('numerical_imputer',
                 TransformerWrapper(exclude=None,
                                    include=['Age', 'IncomeRatio', 'SystolicBP',
                                             'BMI', 'WaistCircumference',
                                             'Height', 'TotalCholesterol',
                                             'Triglycerides', 'LDL', 'HDL',
                                             'HbA1c', 'Glucose', 'Creatinine',
                                             'UricAcid', 'ALT_Enzyme',
                                             'Albumin', 'Potassium', 'Sodium',
                                             'GGT_Enzyme', 'AST_Enzyme'],
                                    transformer=KN...
                               feature_types=None, gamma=0.2, grow_policy=None,
                               importance_type=None,
                               interaction_constraints=None, learning_rate=0.01,
                               max_bin=None, max_cat_threshold=None,
                               max_cat_to_onehot=None, max_delta_step=1,
                               max_depth=3, max_leaves=None, min_child_weight=7,
                               missing=nan, monotone_constraints=None,
                               multi_strategy=None, n_estimators=500, n_jobs=1,
                               num_parallel_tree=None,
                               objective='binary:logistic', ...))],
         verbose=False)
2025-12-07 23:42:13,595:INFO:create_model() successfully completed......................................
2025-12-07 23:42:13,769:INFO:_master_model_container: 3
2025-12-07 23:42:13,769:INFO:_display_container: 3
2025-12-07 23:42:13,784:INFO:Pipeline(memory=Memory(location=None),
         steps=[('numerical_imputer',
                 TransformerWrapper(exclude=None,
                                    include=['Age', 'IncomeRatio', 'SystolicBP',
                                             'BMI', 'WaistCircumference',
                                             'Height', 'TotalCholesterol',
                                             'Triglycerides', 'LDL', 'HDL',
                                             'HbA1c', 'Glucose', 'Creatinine',
                                             'UricAcid', 'ALT_Enzyme',
                                             'Albumin', 'Potassium', 'Sodium',
                                             'GGT_Enzyme', 'AST_Enzyme'],
                                    transformer=KN...
                               feature_types=None, gamma=0.2, grow_policy=None,
                               importance_type=None,
                               interaction_constraints=None, learning_rate=0.01,
                               max_bin=None, max_cat_threshold=None,
                               max_cat_to_onehot=None, max_delta_step=1,
                               max_depth=3, max_leaves=None, min_child_weight=7,
                               missing=nan, monotone_constraints=None,
                               multi_strategy=None, n_estimators=500, n_jobs=1,
                               num_parallel_tree=None,
                               objective='binary:logistic', ...))],
         verbose=False)
2025-12-07 23:42:13,784:INFO:finalize_model() successfully completed......................................
2025-12-07 23:42:13,974:INFO:Initializing save_model()
2025-12-07 23:42:13,974:INFO:save_model(model=Pipeline(memory=Memory(location=None),
         steps=[('numerical_imputer',
                 TransformerWrapper(exclude=None,
                                    include=['Age', 'IncomeRatio', 'SystolicBP',
                                             'BMI', 'WaistCircumference',
                                             'Height', 'TotalCholesterol',
                                             'Triglycerides', 'LDL', 'HDL',
                                             'HbA1c', 'Glucose', 'Creatinine',
                                             'UricAcid', 'ALT_Enzyme',
                                             'Albumin', 'Potassium', 'Sodium',
                                             'GGT_Enzyme', 'AST_Enzyme'],
                                    transformer=KN...
                               feature_types=None, gamma=0.2, grow_policy=None,
                               importance_type=None,
                               interaction_constraints=None, learning_rate=0.01,
                               max_bin=None, max_cat_threshold=None,
                               max_cat_to_onehot=None, max_delta_step=1,
                               max_depth=3, max_leaves=None, min_child_weight=7,
                               missing=nan, monotone_constraints=None,
                               multi_strategy=None, n_estimators=500, n_jobs=1,
                               num_parallel_tree=None,
                               objective='binary:logistic', ...))],
         verbose=False), model_name=../models\best_pipeline, prep_pipe_=Pipeline(memory=FastMemory(location=C:\Users\OMAR\AppData\Local\Temp\joblib),
         steps=[('numerical_imputer',
                 TransformerWrapper(exclude=None,
                                    include=['Age', 'IncomeRatio', 'SystolicBP',
                                             'BMI', 'WaistCircumference',
                                             'Height', 'TotalCholesterol',
                                             'Triglycerides', 'LDL', 'HDL',
                                             'HbA1c', 'Glucose', 'Creatinine',
                                             'UricAcid', 'ALT_Enzyme',
                                             'Albumin', 'Potassium', 'Sodium',
                                             'G...
                                                              return_df=True,
                                                              smoothing=10,
                                                              verbose=0))),
                ('remove_multicollinearity',
                 TransformerWrapper(exclude=[], include=None,
                                    transformer=RemoveMulticollinearity(threshold=0.95))),
                ('normalize',
                 TransformerWrapper(exclude=None, include=None,
                                    transformer=RobustScaler(copy=True,
                                                             quantile_range=(25.0,
                                                                             75.0),
                                                             unit_variance=False,
                                                             with_centering=True,
                                                             with_scaling=True)))],
         verbose=False), verbose=True, use_case=MLUsecase.CLASSIFICATION, kwargs={})
2025-12-07 23:42:13,974:INFO:Adding model into prep_pipe
2025-12-07 23:42:13,974:WARNING:Only Model saved as it was a pipeline.
2025-12-07 23:42:13,987:INFO:../models\best_pipeline.pkl saved in current working directory
2025-12-07 23:42:14,002:INFO:Pipeline(memory=Memory(location=None),
         steps=[('numerical_imputer',
                 TransformerWrapper(exclude=None,
                                    include=['Age', 'IncomeRatio', 'SystolicBP',
                                             'BMI', 'WaistCircumference',
                                             'Height', 'TotalCholesterol',
                                             'Triglycerides', 'LDL', 'HDL',
                                             'HbA1c', 'Glucose', 'Creatinine',
                                             'UricAcid', 'ALT_Enzyme',
                                             'Albumin', 'Potassium', 'Sodium',
                                             'GGT_Enzyme', 'AST_Enzyme'],
                                    transformer=KN...
                               feature_types=None, gamma=0.2, grow_policy=None,
                               importance_type=None,
                               interaction_constraints=None, learning_rate=0.01,
                               max_bin=None, max_cat_threshold=None,
                               max_cat_to_onehot=None, max_delta_step=1,
                               max_depth=3, max_leaves=None, min_child_weight=7,
                               missing=nan, monotone_constraints=None,
                               multi_strategy=None, n_estimators=500, n_jobs=1,
                               num_parallel_tree=None,
                               objective='binary:logistic', ...))],
         verbose=False)
2025-12-07 23:42:14,002:INFO:save_model() successfully completed......................................
2025-12-07 23:42:19,223:WARNING:
'cuml' is a soft dependency and not included in the pycaret installation. Please run: `pip install cuml` to install.
2025-12-07 23:42:19,224:WARNING:
'cuml' is a soft dependency and not included in the pycaret installation. Please run: `pip install cuml` to install.
2025-12-07 23:42:19,224:WARNING:
'cuml' is a soft dependency and not included in the pycaret installation. Please run: `pip install cuml` to install.
2025-12-07 23:42:19,224:WARNING:
'cuml' is a soft dependency and not included in the pycaret installation. Please run: `pip install cuml` to install.
2025-12-07 23:42:20,589:INFO:Initializing load_model()
2025-12-07 23:42:20,589:INFO:load_model(model_name=../models/best_pipeline, platform=None, authentication=None, verbose=True)
2025-12-07 23:42:20,634:WARNING:c:\Users\OMAR\miniconda3\envs\xgb_env\lib\site-packages\_distutils_hack\__init__.py:30: UserWarning: Setuptools is replacing distutils. Support for replacing an already imported distutils is deprecated. In the future, this condition will fail. Register concerns at https://github.com/pypa/setuptools/issues/new?template=distutils-deprecation.yml
  warnings.warn(

2025-12-07 23:42:21,261:INFO:Initializing predict_model()
2025-12-07 23:42:21,262:INFO:predict_model(self=<pycaret.classification.oop.ClassificationExperiment object at 0x000001F94394EB60>, estimator=Pipeline(memory=Memory(location=None),
         steps=[('numerical_imputer',
                 TransformerWrapper(include=['Age', 'IncomeRatio', 'SystolicBP',
                                             'BMI', 'WaistCircumference',
                                             'Height', 'TotalCholesterol',
                                             'Triglycerides', 'LDL', 'HDL',
                                             'HbA1c', 'Glucose', 'Creatinine',
                                             'UricAcid', 'ALT_Enzyme',
                                             'Albumin', 'Potassium', 'Sodium',
                                             'GGT_Enzyme', 'AST_Enzyme'],
                                    transformer=KNNImputer())),...
                               feature_types=None, gamma=0.2, grow_policy=None,
                               importance_type=None,
                               interaction_constraints=None, learning_rate=0.01,
                               max_bin=None, max_cat_threshold=None,
                               max_cat_to_onehot=None, max_delta_step=1,
                               max_depth=3, max_leaves=None, min_child_weight=7,
                               missing=nan, monotone_constraints=None,
                               multi_strategy=None, n_estimators=500, n_jobs=1,
                               num_parallel_tree=None, random_state=42, ...))]), probability_threshold=None, encoded_labels=False, raw_score=True, round=4, verbose=True, ml_usecase=None, preprocess=True, encode_labels=<function _SupervisedExperiment.predict_model.<locals>.encode_labels at 0x000001F9439496C0>)
2025-12-07 23:42:21,262:INFO:Checking exceptions
2025-12-07 23:42:21,262:INFO:Preloading libraries
2025-12-07 23:42:21,262:INFO:Set up data.
2025-12-07 23:42:21,271:INFO:Set up index.
2025-12-07 23:42:58,412:INFO:Initializing load_model()
2025-12-07 23:42:58,412:INFO:load_model(model_name=../models/best_pipeline, platform=None, authentication=None, verbose=True)
2025-12-07 23:42:58,494:INFO:Initializing predict_model()
2025-12-07 23:42:58,495:INFO:predict_model(self=<pycaret.classification.oop.ClassificationExperiment object at 0x000001F94394E500>, estimator=Pipeline(memory=Memory(location=None),
         steps=[('numerical_imputer',
                 TransformerWrapper(include=['Age', 'IncomeRatio', 'SystolicBP',
                                             'BMI', 'WaistCircumference',
                                             'Height', 'TotalCholesterol',
                                             'Triglycerides', 'LDL', 'HDL',
                                             'HbA1c', 'Glucose', 'Creatinine',
                                             'UricAcid', 'ALT_Enzyme',
                                             'Albumin', 'Potassium', 'Sodium',
                                             'GGT_Enzyme', 'AST_Enzyme'],
                                    transformer=KNNImputer())),...
                               feature_types=None, gamma=0.2, grow_policy=None,
                               importance_type=None,
                               interaction_constraints=None, learning_rate=0.01,
                               max_bin=None, max_cat_threshold=None,
                               max_cat_to_onehot=None, max_delta_step=1,
                               max_depth=3, max_leaves=None, min_child_weight=7,
                               missing=nan, monotone_constraints=None,
                               multi_strategy=None, n_estimators=500, n_jobs=1,
                               num_parallel_tree=None, random_state=42, ...))]), probability_threshold=None, encoded_labels=False, raw_score=True, round=4, verbose=True, ml_usecase=None, preprocess=True, encode_labels=<function _SupervisedExperiment.predict_model.<locals>.encode_labels at 0x000001F94639C040>)
2025-12-07 23:42:58,495:INFO:Checking exceptions
2025-12-07 23:42:58,495:INFO:Preloading libraries
2025-12-07 23:42:58,496:INFO:Set up data.
2025-12-07 23:42:58,506:INFO:Set up index.
